// Jest Snapshot v1, https://goo.gl/fbAQLP

exports[`epochs Can return aggregated Epoch data 1`] = `
Object {
  "epochs_aggregate": Object {
    "aggregate": Object {
      "count": "185",
      "max": Object {
        "number": 184,
        "output": "424616166073756860",
        "transactionsCount": "40972",
      },
      "min": Object {
        "output": "2654692166740613",
        "transactionsCount": "33",
      },
      "sum": Object {
        "output": "8293029495565297000",
        "transactionsCount": "1938088",
      },
    },
  },
}
`;

exports[`epochs Can return aggregated data 1`] = `
Object {
  "epochs": Array [
    Object {
      "blocksCount": "21589",
      "blocks_aggregate": Object {
        "aggregate": Object {
          "avg": Object {
            "fees": 47848.56538051786,
            "size": 838.0591968131919,
          },
          "count": "21589",
          "max": Object {
            "fees": "1377042",
            "size": "4787",
          },
          "min": Object {
            "fees": "0",
            "size": "631",
          },
          "sum": Object {
            "fees": "1033002678",
            "size": "18092860",
          },
        },
      },
      "number": 1,
    },
  ],
}
`;

exports[`epochs Can return filtered aggregated data 1`] = `
Object {
  "epochs": Array [
    Object {
      "blocks_aggregate": Object {
        "aggregate": Object {
          "count": "3123",
        },
      },
      "number": 1,
    },
  ],
}
`;

exports[`epochs Returns epoch details by number 1`] = `
Object {
  "epochs": Array [
    Object {
      "blocksCount": "21589",
      "lastBlockTime": "2017-10-03T21:43:51.000Z",
      "number": 1,
      "output": "101402912214214220",
      "startedAt": "2017-09-28T21:45:51.000Z",
      "transactionsCount": "12870",
    },
  ],
}
`;

exports[`epochs Returns epoch details by number range 1`] = `
Object {
  "epochs": Array [
    Object {
      "blocksCount": "21589",
      "lastBlockTime": "2017-10-03T21:43:51.000Z",
      "number": 1,
      "output": "101402912214214220",
      "startedAt": "2017-09-28T21:45:51.000Z",
      "transactionsCount": "12870",
    },
  ],
}
`;
