// Jest Snapshot v1, https://goo.gl/fbAQLP

exports[`transactions Can return aggregated data 1`] = `
Object {
  "transactions": Array [
    Object {
      "deposit": 0,
      "fee": 171246,
      "hash": "05ad8b467095e0886713a38231ab9fe84e4031a433a9400ebf70ec9415e20102",
      "inputs_aggregate": Object {
        "aggregate": Object {
          "avg": Object {
            "value": "4924799649906",
          },
          "count": "1",
          "max": Object {
            "value": "4924799649906",
          },
          "min": Object {
            "value": "4924799649906",
          },
          "sum": Object {
            "value": "4924799649906",
          },
        },
      },
      "outputs_aggregate": Object {
        "aggregate": Object {
          "avg": Object {
            "value": "2462399739330",
          },
          "count": "2",
          "max": Object {
            "value": "4824799478660",
          },
          "min": Object {
            "value": "100000000000",
          },
          "sum": Object {
            "value": "4924799478660",
          },
        },
      },
    },
    Object {
      "deposit": 0,
      "fee": 171070,
      "hash": "e680432562b3b71fe44ca4eb8e29cb181d3a0858b3e2a643a55f7513d901bcae",
      "inputs_aggregate": Object {
        "aggregate": Object {
          "avg": Object {
            "value": "768403000000",
          },
          "count": "1",
          "max": Object {
            "value": "768403000000",
          },
          "min": Object {
            "value": "768403000000",
          },
          "sum": Object {
            "value": "768403000000",
          },
        },
      },
      "outputs_aggregate": Object {
        "aggregate": Object {
          "avg": Object {
            "value": "384201414465",
          },
          "count": "2",
          "max": Object {
            "value": "768401828930",
          },
          "min": Object {
            "value": "1000000",
          },
          "sum": Object {
            "value": "768402828930",
          },
        },
      },
    },
  ],
}
`;

exports[`transactions Can return filtered aggregated data 1`] = `
Object {
  "transactions": Array [
    Object {
      "hash": "e680432562b3b71fe44ca4eb8e29cb181d3a0858b3e2a643a55f7513d901bcae",
      "inputs_aggregate": Object {
        "aggregate": Object {
          "count": "1",
        },
      },
      "outputs_aggregate": Object {
        "aggregate": Object {
          "count": "1",
        },
      },
    },
  ],
}
`;

exports[`transactions Returns transactions by hashes 1`] = `
Object {
  "transactions": Array [
    Object {
      "block": Object {
        "number": 29021,
      },
      "blockIndex": 0,
      "deposit": 0,
      "fee": 171246,
      "hash": "05ad8b467095e0886713a38231ab9fe84e4031a433a9400ebf70ec9415e20102",
      "inputs": Array [
        Object {
          "address": "DdzFFzCqrht5ExAdoZVExXoZTpoMYGKxva3thvvvHapsLZQzSX3kCqwgqi5NSM2oUtHYYDqsSnvSGbqkarB6cSgDZohUhLWZ9KFdDWsa",
          "sourceTxHash": "f6aa5241cdabb2ca461d1644d56023033b6d32b70afb7a48b224ec3d82ae4a4f",
          "sourceTxIndex": 0,
          "value": "4924799649906",
        },
      ],
      "outputs": Array [
        Object {
          "address": "DdzFFzCqrhsxVv8Sjuj35Zkw42T9WjwXa6DasrNknm5M3bPVDnWJWwhX5NymoZncUArTfFYZ9sYGaA9htKSNYoK5Vkzx2vUtunAFt3eE",
          "index": 0,
          "value": "4824799478660",
        },
        Object {
          "address": "DdzFFzCqrhskotfhVwhLvNFaVGpA6C4yR9DXe56oEL4Ewmze51f1uQsc1cQb8qUyqgzjUPBgFZiVbuQu7BaXrQkouyvzjYjLqfJpKG5s",
          "index": 1,
          "value": "100000000000",
        },
      ],
      "size": 220,
      "totalOutput": "4924799478660",
    },
    Object {
      "block": Object {
        "number": 29021,
      },
      "blockIndex": 1,
      "deposit": 0,
      "fee": 171070,
      "hash": "e680432562b3b71fe44ca4eb8e29cb181d3a0858b3e2a643a55f7513d901bcae",
      "inputs": Array [
        Object {
          "address": "DdzFFzCqrhsggyaAMAUTjGtjBr1CTp8tTcHYWbqtoyQBZcaYHM16rjbUDawTwoVaEPawAMPLJmpJVXHBNxZnTgmQzqAcNDe6XvMe5BkB",
          "sourceTxHash": "74a10f4a5de09a393ef8b8f749c50e6938aa4f57908bbdaaefdf5e814fed281a",
          "sourceTxIndex": 0,
          "value": "768403000000",
        },
      ],
      "outputs": Array [
        Object {
          "address": "DdzFFzCqrhsuz652nVpjktdtiV44uWJLHv83m61S33gzfB4TBx7SKp3DgM18fBJznMrbUdsEFEvXW4LYqVKFE9fjMgVhmJP2LBhUvEe8",
          "index": 0,
          "value": "768401828930",
        },
        Object {
          "address": "DdzFFzCqrhsgrGt7zHydkE4cKxjB7SgsdnMPUFxYEwBu1u4sGobxZL5Xo3eDycCrtSYAUyw9aAsZZxFpTdgur6MwYDYMwAZ4xNGKRD3o",
          "index": 1,
          "value": "1000000",
        },
      ],
      "size": 216,
      "totalOutput": "768402828930",
    },
  ],
}
`;
