// Jest Snapshot v1, https://goo.gl/fbAQLP

exports[`genesis Shelley testnet Returns all information from genesis.json 1`] = `
Object {
  "genesis": Object {
    "shelley": Object {
      "activeSlotsCoeff": 0.05,
      "epochLength": 21600,
      "genDelegs": Object {
        "46accc160a32598fd87b14d823fd25ec6ca3388316c404ce5aa06dca": Object {
          "delegate": "e47b777efea3146b1aa18fde95ddbd3de38f068f529997ff4141e484",
          "vrf": "56c2364bb4a90d0f674ae1b758d5c19b2f1622b3f763799f1f0793cfc4591daf",
        },
        "c800db9af0cfe4997163e730ff2eeadc984f4ed29bdfeed37fb87c05": Object {
          "delegate": "252a3464a2e6d3e824e3dc63629276838227f92f2c6b6cc45fc16138",
          "vrf": "ca23e0093e70086bf92788f0efcbe45c1727f19d4376a94118d5bfaebdcca257",
        },
        "cbdf7c87a498440cc16fb16b6d3a957de7979252de695e38344aee52": Object {
          "delegate": "609114bdfa04f8fa2dc3450306427a6bb803a1cce84a2c3c760a7e4b",
          "vrf": "48a39ab96ed61faa76b69a08f39282e6a4fb458020e024ee6b612c93f4439c99",
        },
      },
      "initialFunds": Object {
        "6034d2c8b6373a4a3326259c1fbccfc45405bd20552097d960868b40a9": 10000000000000000,
        "6051d08fc78ca26cfc41b839f6c30b25ccf45f81594d4147a6f392a058": 1000000000000000,
      },
      "maxKESEvolutions": 120,
      "maxLovelaceSupply": "45000000000000000",
      "networkId": "Testnet",
      "networkMagic": 42,
      "protocolMagicId": 42,
      "protocolParams": Object {
        "a0": 0.3,
        "decentralisationParam": 1,
        "eMax": 18,
        "extraEntropy": Object {
          "tag": "NeutralNonce",
        },
        "keyDeposit": 400000,
        "maxBlockBodySize": 65536,
        "maxBlockHeaderSize": 1100,
        "maxTxSize": 16384,
        "minFeeA": 44,
        "minFeeB": 155381,
        "minPoolCost": 0,
        "minUTxOValue": 0,
        "nOpt": 250,
        "poolDeposit": 500000000,
        "protocolVersion": Object {
          "major": 0,
          "minor": 0,
        },
        "rho": 0.0022,
        "tau": 0.05,
      },
      "securityParam": 108,
      "slotLength": 1,
      "slotsPerKESPeriod": 3600,
      "staking": Object {
        "pools": Object {},
        "stake": Object {},
      },
      "systemStart": "2020-07-13T11:00:00Z",
      "updateQuorum": 3,
    },
  },
}
`;

exports[`genesis Shelley testnet Returns all information from genesis.json 2`] = `
Object {
  "genesis": Object {
    "shelley": Object {
      "activeSlotsCoeff": 0.05,
      "epochLength": 21600,
      "genDelegs": Object {
        "46accc160a32598fd87b14d823fd25ec6ca3388316c404ce5aa06dca": Object {
          "delegate": "e47b777efea3146b1aa18fde95ddbd3de38f068f529997ff4141e484",
          "vrf": "56c2364bb4a90d0f674ae1b758d5c19b2f1622b3f763799f1f0793cfc4591daf",
        },
        "c800db9af0cfe4997163e730ff2eeadc984f4ed29bdfeed37fb87c05": Object {
          "delegate": "252a3464a2e6d3e824e3dc63629276838227f92f2c6b6cc45fc16138",
          "vrf": "ca23e0093e70086bf92788f0efcbe45c1727f19d4376a94118d5bfaebdcca257",
        },
        "cbdf7c87a498440cc16fb16b6d3a957de7979252de695e38344aee52": Object {
          "delegate": "609114bdfa04f8fa2dc3450306427a6bb803a1cce84a2c3c760a7e4b",
          "vrf": "48a39ab96ed61faa76b69a08f39282e6a4fb458020e024ee6b612c93f4439c99",
        },
      },
      "initialFunds": Object {
        "6034d2c8b6373a4a3326259c1fbccfc45405bd20552097d960868b40a9": 10000000000000000,
        "6051d08fc78ca26cfc41b839f6c30b25ccf45f81594d4147a6f392a058": 1000000000000000,
      },
      "maxKESEvolutions": 120,
      "maxLovelaceSupply": "45000000000000000",
      "networkId": "Testnet",
      "networkMagic": 42,
      "protocolMagicId": 42,
      "protocolParams": Object {
        "a0": 0.3,
        "decentralisationParam": 1,
        "eMax": 18,
        "extraEntropy": Object {
          "tag": "NeutralNonce",
        },
        "keyDeposit": 400000,
        "maxBlockBodySize": 65536,
        "maxBlockHeaderSize": 1100,
        "maxTxSize": 16384,
        "minFeeA": 44,
        "minFeeB": 155381,
        "minPoolCost": 0,
        "minUTxOValue": 0,
        "nOpt": 250,
        "poolDeposit": 500000000,
        "protocolVersion": Object {
          "major": 0,
          "minor": 0,
        },
        "rho": 0.0022,
        "tau": 0.05,
      },
      "securityParam": 108,
      "slotLength": 1,
      "slotsPerKESPeriod": 3600,
      "staking": Object {
        "pools": Object {},
        "stake": Object {},
      },
      "systemStart": "2020-07-13T11:00:00Z",
      "updateQuorum": 3,
    },
  },
}
`;

exports[`genesis Shelley testnet Returns key information about the network 1`] = `
Object {
  "genesis": Object {
    "shelley": Object {
      "epochLength": 21600,
      "maxLovelaceSupply": "45000000000000000",
      "networkId": "Testnet",
      "networkMagic": 42,
      "securityParam": 108,
      "slotLength": 1,
      "slotsPerKESPeriod": 3600,
      "systemStart": "2020-07-13T11:00:00Z",
    },
  },
}
`;

exports[`genesis Shelley testnet Returns key information about the network 2`] = `
Object {
  "genesis": Object {
    "shelley": Object {
      "epochLength": 21600,
      "maxLovelaceSupply": "45000000000000000",
      "networkId": "Testnet",
      "networkMagic": 42,
      "securityParam": 108,
      "slotLength": 1,
      "slotsPerKESPeriod": 3600,
      "systemStart": "2020-07-13T11:00:00Z",
    },
  },
}
`;
